\BOOKMARK [1][-]{section.0.1}{\376\377\000I\000n\000t\000r\000o\000d\000u\000c\000c\000i\000\363\000n}{}% 1
\BOOKMARK [2][-]{subsection.0.1.1}{\376\377\000D\000e\000s\000c\000r\000i\000p\000c\000i\000\363\000n\000\040\000d\000e\000l\000\040\000p\000r\000o\000y\000e\000c\000t\000o}{section.0.1}% 2
\BOOKMARK [2][-]{subsection.0.1.2}{\376\377\000O\000b\000j\000e\000t\000i\000v\000o\000s}{section.0.1}% 3
\BOOKMARK [2][-]{subsection.0.1.3}{\376\377\000S\000i\000s\000t\000e\000m\000a\000\040\000s\000i\000m\000u\000l\000a\000d\000o}{section.0.1}% 4
\BOOKMARK [2][-]{subsection.0.1.4}{\376\377\000V\000a\000r\000i\000a\000b\000l\000e\000s\000\040\000q\000u\000e\000\040\000d\000e\000s\000c\000r\000i\000b\000e\000n\000\040\000e\000l\000\040\000p\000r\000o\000b\000l\000e\000m\000a}{section.0.1}% 5
\BOOKMARK [1][-]{section.0.2}{\376\377\000D\000e\000t\000a\000l\000l\000e\000s\000\040\000d\000e\000\040\000I\000m\000p\000l\000e\000m\000e\000n\000t\000a\000c\000i\000\363\000n}{}% 6
\BOOKMARK [2][-]{subsection.0.2.1}{\376\377\000V\000a\000r\000i\000a\000b\000l\000e\000s\000\040\000d\000e\000l\000\040\000S\000i\000s\000t\000e\000m\000a}{section.0.2}% 7
\BOOKMARK [2][-]{subsection.0.2.2}{\376\377\000V\000a\000r\000i\000a\000b\000l\000e\000s\000\040\000d\000e\000\040\000E\000s\000t\000a\000d\000o}{section.0.2}% 8
\BOOKMARK [2][-]{subsection.0.2.3}{\376\377\000E\000v\000e\000n\000t\000o\000s}{section.0.2}% 9
\BOOKMARK [2][-]{subsection.0.2.4}{\376\377\000I\000n\000i\000c\000i\000a\000l\000i\000z\000a\000c\000i\000\363\000n}{section.0.2}% 10
\BOOKMARK [2][-]{subsection.0.2.5}{\376\377\000P\000r\000o\000c\000e\000s\000a\000m\000i\000e\000n\000t\000o\000\040\000d\000e\000\040\000E\000v\000e\000n\000t\000o\000s}{section.0.2}% 11
\BOOKMARK [2][-]{subsection.0.2.6}{\376\377\000M\000\351\000t\000r\000i\000c\000a\000s\000\040\000d\000e\000\040\000S\000a\000l\000i\000d\000a}{section.0.2}% 12
\BOOKMARK [1][-]{section.0.3}{\376\377\000R\000e\000s\000u\000l\000t\000a\000d\000o\000s\000\040\000y\000\040\000E\000x\000p\000e\000r\000i\000m\000e\000n\000t\000o\000s}{}% 13
\BOOKMARK [2][-]{subsection.0.3.1}{\376\377\000\277\000C\000u\000\341\000l\000\040\000e\000s\000\040\000l\000a\000\040\000g\000a\000n\000a\000n\000c\000i\000a\000\040\000n\000e\000t\000a\000\040\000p\000r\000o\000m\000e\000d\000i\000o\000\040\000d\000e\000\040\000l\000o\000s\000\040\000t\000r\000e\000s\000\040\000p\000r\000o\000d\000u\000c\000t\000o\000s\000?}{section.0.3}% 14
\BOOKMARK [2][-]{subsection.0.3.2}{\376\377\000\277\000Q\000u\000\351\000\040\000p\000r\000o\000d\000u\000c\000t\000o\000\040\000e\000s\000\040\000m\000\341\000s\000\040\000a\000f\000e\000c\000t\000a\000d\000o\000\040\000p\000o\000r\000\040\000c\000a\000m\000b\000i\000o\000s\000\040\000e\000n\000\040\000l\000a\000\040\000d\000e\000m\000a\000n\000d\000a\000?}{section.0.3}% 15
\BOOKMARK [2][-]{subsection.0.3.3}{\376\377\000\277\000Q\000u\000\351\000\040\000p\000a\000s\000a\000\040\000s\000i\000\040\000c\000a\000m\000b\000i\000a\000n\000\040\000l\000o\000s\000\040\000p\000r\000e\000c\000i\000o\000s\000\040\000d\000e\000\040\000v\000e\000n\000t\000a\000?}{section.0.3}% 16
\BOOKMARK [2][-]{subsection.0.3.4}{\376\377\000\277\000C\000u\000\341\000l\000\040\000p\000r\000o\000d\000u\000c\000t\000o\000\040\000e\000s\000\040\000m\000\341\000s\000\040\000r\000e\000n\000t\000a\000b\000l\000e\000?}{section.0.3}% 17
\BOOKMARK [2][-]{subsection.0.3.5}{\376\377\000\277\000Q\000u\000\351\000\040\000t\000a\000n\000\040\000r\000i\000e\000s\000g\000o\000s\000o\000\040\000e\000s\000\040\000c\000a\000d\000a\000\040\000p\000r\000o\000d\000u\000c\000t\000o\000?}{section.0.3}% 18
\BOOKMARK [2][-]{subsection.0.3.6}{\376\377\000S\000o\000b\000r\000e\000s\000t\000o\000c\000k\000\040\000y\000\040\000q\000u\000i\000e\000b\000r\000e\000\040\000d\000e\000\040\000s\000t\000o\000c\000k}{section.0.3}% 19
\BOOKMARK [1][-]{section.0.4}{\376\377\000M\000o\000d\000e\000l\000o\000\040\000M\000a\000t\000e\000m\000\341\000t\000i\000c\000o}{}% 20
\BOOKMARK [2][-]{subsection.0.4.1}{\376\377\000A\000n\000\341\000l\000i\000s\000i\000s\000\040\000d\000e\000\040\000l\000a\000\040\000d\000i\000s\000t\000r\000i\000b\000u\000c\000i\000\363\000n\000\040\000d\000e\000l\000\040\000t\000i\000e\000m\000p\000o\000\040\000e\000n\000t\000r\000e\000\040\000l\000l\000e\000g\000a\000d\000a\000s\000\040\000d\000e\000\040\000c\000l\000i\000e\000n\000t\000e\000s}{section.0.4}% 21
\BOOKMARK [1][-]{section.0.5}{\376\377\000C\000o\000n\000c\000l\000u\000s\000i\000o\000n\000e\000s}{}% 22
